// Jest Snapshot v1, https://goo.gl/fbAQLP

exports[`Loader renders correctly 1`] = `
<div
  className="loader"
>
  <span>
    ↓
  </span>
  <span>
    ↓
  </span>
  <span>
    ↓
  </span>
  <span>
    ↓
  </span>
  <span>
    ↓
  </span>
</div>
`;
