// Jest Snapshot v1, https://goo.gl/fbAQLP

exports[`Subtitle renders correctly 1`] = `
<div
  className="flex justify-center items-start flex-col w-full px-2 sm:px-6 mb-10"
>
  <div
    className="text-xl sm:text-2xl font-bold font-title mt-2 mb-2"
  >
    Subtitle
  </div>
  <input
    className="outline-none w-full text-xs sm:text-lg sm:w-1/2 border-t-0 border-l-0 border-r-0 border solid border-gray-900 py-1 px-2 focus:border-blue-700"
    id="subtitle"
    onChange={[Function]}
    value="A frontend developer"
  />
</div>
`;
